cols=7 rows=6 history=31 cursor=(5,0) visible=true
[0000] |the qui|
[0001] |ck brow|
[0002] |n fox j|
[0003] |umps ov|
[0004] |er the|
[0005] |lazy do|
[0006] |g and t|
[0007] |hen kee|
[0008] |ps on r|
[0009] |unning|
[0010] |far pas|
[0011] |t the e|
[0012] |dge of|
[0013] |the vis|
[0014] |ible vi|
[0015] |ewport|
[0016] |so this|
[0017] | line m|
[0018] |ust sof|
[0019] |t-wrap|
[0020] |several|
[0021] | times|
[0022] |second|
[0023] |paragra|
[0024] |ph also|
[0025] | long e|
[0026] |nough t|
[0027] |o wrap|
[0028] |across|
[0029] |the nar|
[0030] |row wid|
[0031] |th more|
[0032] | than o|
[0033] |nce for|
[0034] | good m|
[0035] |easure|
[0036] ||
