cols=13 rows=5 history=16 cursor=(4,0) visible=true
[0000] |the quick bro|
[0001] |wn fox jumps|
[0002] |over the lazy|
[0003] | dog and then|
[0004] | keeps on run|
[0005] |ning far past|
[0006] | the edge of|
[0007] |the visible v|
[0008] |iewport so th|
[0009] |is line must|
[0010] |soft-wrap sev|
[0011] |eral times|
[0012] |second paragr|
[0013] |aph also long|
[0014] | enough to wr|
[0015] |ap across the|
[0016] | narrow width|
[0017] | more than on|
[0018] |ce for good m|
[0019] |easure|
[0020] ||
